// Jest Snapshot v1, https://goo.gl/fbAQLP

exports[`Footer renders correctly 1`] = `
<footer
  className="py-8 text-sm"
>
  <div
    className="container"
  >
    <div
      className="flex justify-between"
    >
      <p
        className="text-center text-gray-500"
      >
        Powered by
        <a
          className="font-bold text-blue-500"
          href="https://coursemaker.org"
        >
           
          CourseMaker
        </a>
      </p>
      <div
        className="flex ml-auto space-x-5 text-blue-500"
      >
        <a
          href="/terms"
        >
          Terms
        </a>
        <a
          href="/privacy"
        >
          Privacy
        </a>
      </div>
    </div>
  </div>
</footer>
`;
